// Jest Snapshot v1, https://goo.gl/fbAQLP

exports[`getStringData Saga should call the loadStrError action if the response errors 1`] = `
Object {
  "@@redux-saga/IO": true,
  "combinator": false,
  "payload": Object {
    "args": Array [
      "http://localhost:3001/strContainer",
    ],
    "context": null,
    "fn": [Function],
  },
  "type": "CALL",
}
`;

exports[`getStringData Saga should dispatch the loadStrSuccess action if it requests the data successfully 1`] = `
Object {
  "@@redux-saga/IO": true,
  "combinator": false,
  "payload": Object {
    "args": Array [
      "http://localhost:3001/strContainer",
    ],
    "context": null,
    "fn": [Function],
  },
  "type": "CALL",
}
`;
